{
  "version": "1.5.0",
  "plugins_used": [
    {
      "name": "ArtifactoryDetector"
    },
    {
      "name": "AWSKeyDetector"
    },
    {
      "name": "AzureStorageKeyDetector"
    },
    {
      "name": "Base64HighEntropyString",
      "limit": 4.5
    },
    {
      "name": "BasicAuthDetector"
    },
    {
      "name": "CloudantDetector"
    },
    {
      "name": "DiscordBotTokenDetector"
    },
    {
      "name": "GitHubTokenDetector"
    },
    {
      "name": "GitLabTokenDetector"
    },
    {
      "name": "HexHighEntropyString",
      "limit": 3.0
    },
    {
      "name": "IbmCloudIamDetector"
    },
    {
      "name": "IbmCosHmacDetector"
    },
    {
      "name": "IPPublicDetector"
    },
    {
      "name": "JwtTokenDetector"
    },
    {
      "name": "KeywordDetector",
      "keyword_exclude": ""
    },
    {
      "name": "MailchimpDetector"
    },
    {
      "name": "NpmDetector"
    },
    {
      "name": "OpenAIDetector"
    },
    {
      "name": "PrivateKeyDetector"
    },
    {
      "name": "PypiTokenDetector"
    },
    {
      "name": "SendGridDetector"
    },
    {
      "name": "SlackDetector"
    },
    {
      "name": "SoftlayerDetector"
    },
    {
      "name": "SquareOAuthDetector"
    },
    {
      "name": "StripeDetector"
    },
    {
      "name": "TelegramBotTokenDetector"
    },
    {
      "name": "TwilioKeyDetector"
    }
  ],
  "filters_used": [
    {
      "path": "detect_secrets.filters.allowlist.is_line_allowlisted"
    },
    {
      "path": "detect_secrets.filters.common.is_ignored_due_to_verification_policies",
      "min_level": 2
    },
    {
      "path": "detect_secrets.filters.heuristic.is_indirect_reference"
    },
    {
      "path": "detect_secrets.filters.heuristic.is_likely_id_string"
    },
    {
      "path": "detect_secrets.filters.heuristic.is_lock_file"
    },
    {
      "path": "detect_secrets.filters.heuristic.is_not_alphanumeric_string"
    },
    {
      "path": "detect_secrets.filters.heuristic.is_potential_uuid"
    },
    {
      "path": "detect_secrets.filters.heuristic.is_prefixed_with_dollar_sign"
    },
    {
      "path": "detect_secrets.filters.heuristic.is_sequential_string"
    },
    {
      "path": "detect_secrets.filters.heuristic.is_swagger_file"
    },
    {
      "path": "detect_secrets.filters.heuristic.is_templated_secret"
    },
    {
      "path": "detect_secrets.filters.regex.should_exclude_file",
      "pattern": [
        "\\.git",
        "\\.venv.*",
        "node_modules",
        "package-lock\\.json",
        "go\\.sum",
        "\\.terraform",
        "uv\\.lock"
      ]
    }
  ],
  "results": {
    ".secrets.baseline": [
      {
        "type": "Hex High Entropy String",
        "filename": ".secrets.baseline",
        "hashed_secret": "e286fb375a5f7b98d91f8180db3d887744194fce",
        "is_verified": false,
        "line_number": 134
      },
      {
        "type": "Secret Keyword",
        "filename": ".secrets.baseline",
        "hashed_secret": "e286fb375a5f7b98d91f8180db3d887744194fce",
        "is_verified": false,
        "line_number": 134
      },
      {
        "type": "Hex High Entropy String",
        "filename": ".secrets.baseline",
        "hashed_secret": "6d38a71e924d540b62a2a7979f58d62d4232cf92",
        "is_verified": false,
        "line_number": 143
      },
      {
        "type": "Secret Keyword",
        "filename": ".secrets.baseline",
        "hashed_secret": "6d38a71e924d540b62a2a7979f58d62d4232cf92",
        "is_verified": false,
        "line_number": 143
      },
      {
        "type": "Hex High Entropy String",
        "filename": ".secrets.baseline",
        "hashed_secret": "d74a819dfe9c101c9359cf94ce47186b6b709dec",
        "is_verified": false,
        "line_number": 170
      },
      {
        "type": "Secret Keyword",
        "filename": ".secrets.baseline",
        "hashed_secret": "d74a819dfe9c101c9359cf94ce47186b6b709dec",
        "is_verified": false,
        "line_number": 170
      },
      {
        "type": "Hex High Entropy String",
        "filename": ".secrets.baseline",
        "hashed_secret": "300ac668c782c666a9de0f2ccb59cea082255b5d",
        "is_verified": false,
        "line_number": 179
      },
      {
        "type": "Secret Keyword",
        "filename": ".secrets.baseline",
        "hashed_secret": "300ac668c782c666a9de0f2ccb59cea082255b5d",
        "is_verified": false,
        "line_number": 179
      },
      {
        "type": "Hex High Entropy String",
        "filename": ".secrets.baseline",
        "hashed_secret": "c5bab6bdea839ff90fa95ed6785781a26aafbe22",
        "is_verified": false,
        "line_number": 195
      },
      {
        "type": "Secret Keyword",
        "filename": ".secrets.baseline",
        "hashed_secret": "c5bab6bdea839ff90fa95ed6785781a26aafbe22",
        "is_verified": false,
        "line_number": 195
      },
      {
        "type": "Hex High Entropy String",
        "filename": ".secrets.baseline",
        "hashed_secret": "6d188bb9f3d0e368851e39c6d2adbe1acbe3076f",
        "is_verified": false,
        "line_number": 213
      },
      {
        "type": "Secret Keyword",
        "filename": ".secrets.baseline",
        "hashed_secret": "6d188bb9f3d0e368851e39c6d2adbe1acbe3076f",
        "is_verified": false,
        "line_number": 213
      },
      {
        "type": "Hex High Entropy String",
        "filename": ".secrets.baseline",
        "hashed_secret": "547a87bb543368e6c16fa63c6b79129fcc05ce95",
        "is_verified": false,
        "line_number": 220
      },
      {
        "type": "Secret Keyword",
        "filename": ".secrets.baseline",
        "hashed_secret": "547a87bb543368e6c16fa63c6b79129fcc05ce95",
        "is_verified": false,
        "line_number": 220
      },
      {
        "type": "Hex High Entropy String",
        "filename": ".secrets.baseline",
        "hashed_secret": "c2578742532d3e9d56161474129de4894ecc05d2",
        "is_verified": false,
        "line_number": 229
      },
      {
        "type": "Secret Keyword",
        "filename": ".secrets.baseline",
        "hashed_secret": "c2578742532d3e9d56161474129de4894ecc05d2",
        "is_verified": false,
        "line_number": 229
      },
      {
        "type": "Hex High Entropy String",
        "filename": ".secrets.baseline",
        "hashed_secret": "2cb55063c70eeb3ee55daa383ea669de36558cfe",
        "is_verified": false,
        "line_number": 238
      },
      {
        "type": "Secret Keyword",
        "filename": ".secrets.baseline",
        "hashed_secret": "2cb55063c70eeb3ee55daa383ea669de36558cfe",
        "is_verified": false,
        "line_number": 238
      },
      {
        "type": "Hex High Entropy String",
        "filename": ".secrets.baseline",
        "hashed_secret": "bc5b0080a27abc0fef40f2e5743a5c5f5da6b72c",
        "is_verified": false,
        "line_number": 245
      },
      {
        "type": "Secret Keyword",
        "filename": ".secrets.baseline",
        "hashed_secret": "bc5b0080a27abc0fef40f2e5743a5c5f5da6b72c",
        "is_verified": false,
        "line_number": 245
      },
      {
        "type": "Hex High Entropy String",
        "filename": ".secrets.baseline",
        "hashed_secret": "df7588d8d40b733076322ad6ef68dda6c177a1bd",
        "is_verified": false,
        "line_number": 252
      },
      {
        "type": "Secret Keyword",
        "filename": ".secrets.baseline",
        "hashed_secret": "df7588d8d40b733076322ad6ef68dda6c177a1bd",
        "is_verified": false,
        "line_number": 252
      },
      {
        "type": "Hex High Entropy String",
        "filename": ".secrets.baseline",
        "hashed_secret": "30bd6bc6e56d81bf56a31bc4584bead9637564a0",
        "is_verified": false,
        "line_number": 259
      },
      {
        "type": "Secret Keyword",
        "filename": ".secrets.baseline",
        "hashed_secret": "30bd6bc6e56d81bf56a31bc4584bead9637564a0",
        "is_verified": false,
        "line_number": 259
      },
      {
        "type": "Hex High Entropy String",
        "filename": ".secrets.baseline",
        "hashed_secret": "06af222d8f441bedf0b9dc3aee93f283e8cae347",
        "is_verified": false,
        "line_number": 268
      },
      {
        "type": "Secret Keyword",
        "filename": ".secrets.baseline",
        "hashed_secret": "06af222d8f441bedf0b9dc3aee93f283e8cae347",
        "is_verified": false,
        "line_number": 268
      },
      {
        "type": "Hex High Entropy String",
        "filename": ".secrets.baseline",
        "hashed_secret": "97f8642f24ddb613cda14a5512f99e1fd3e7f985",
        "is_verified": false,
        "line_number": 277
      },
      {
        "type": "Secret Keyword",
        "filename": ".secrets.baseline",
        "hashed_secret": "97f8642f24ddb613cda14a5512f99e1fd3e7f985",
        "is_verified": false,
        "line_number": 277
      },
      {
        "type": "Hex High Entropy String",
        "filename": ".secrets.baseline",
        "hashed_secret": "f7e2e0719d3fcf7bdffdb39c0df7f87f083b08ec",
        "is_verified": false,
        "line_number": 286
      },
      {
        "type": "Secret Keyword",
        "filename": ".secrets.baseline",
        "hashed_secret": "f7e2e0719d3fcf7bdffdb39c0df7f87f083b08ec",
        "is_verified": false,
        "line_number": 286
      },
      {
        "type": "Hex High Entropy String",
        "filename": ".secrets.baseline",
        "hashed_secret": "14aad90549637184424fdffd9d62d8d09136a6bb",
        "is_verified": false,
        "line_number": 295
      },
      {
        "type": "Secret Keyword",
        "filename": ".secrets.baseline",
        "hashed_secret": "14aad90549637184424fdffd9d62d8d09136a6bb",
        "is_verified": false,
        "line_number": 295
      },
      {
        "type": "Hex High Entropy String",
        "filename": ".secrets.baseline",
        "hashed_secret": "353e8061f2befecb6818ba0c034c632fb0bcae1b",
        "is_verified": false,
        "line_number": 311
      },
      {
        "type": "Secret Keyword",
        "filename": ".secrets.baseline",
        "hashed_secret": "353e8061f2befecb6818ba0c034c632fb0bcae1b",
        "is_verified": false,
        "line_number": 311
      },
      {
        "type": "Hex High Entropy String",
        "filename": ".secrets.baseline",
        "hashed_secret": "7b2e9f54cdff413fcde01f330af6896c3cd7e6cd",
        "is_verified": false,
        "line_number": 318
      },
      {
        "type": "Secret Keyword",
        "filename": ".secrets.baseline",
        "hashed_secret": "7b2e9f54cdff413fcde01f330af6896c3cd7e6cd",
        "is_verified": false,
        "line_number": 318
      },
      {
        "type": "Hex High Entropy String",
        "filename": ".secrets.baseline",
        "hashed_secret": "17e8c315593329dd1fe57826c3ce2b8a1905aae9",
        "is_verified": false,
        "line_number": 345
      },
      {
        "type": "Secret Keyword",
        "filename": ".secrets.baseline",
        "hashed_secret": "17e8c315593329dd1fe57826c3ce2b8a1905aae9",
        "is_verified": false,
        "line_number": 345
      },
      {
        "type": "Hex High Entropy String",
        "filename": ".secrets.baseline",
        "hashed_secret": "bafa10febdad417ec75a6ee2bad72e66e5449be1",
        "is_verified": false,
        "line_number": 352
      },
      {
        "type": "Secret Keyword",
        "filename": ".secrets.baseline",
        "hashed_secret": "bafa10febdad417ec75a6ee2bad72e66e5449be1",
        "is_verified": false,
        "line_number": 352
      }
    ],
    ".tekton/README.md": [
      {
        "type": "Secret Keyword",
        "filename": ".tekton/README.md",
        "hashed_secret": "b3536b070485ad080fe868f00cba56b7dc29ac83",
        "is_verified": false,
        "line_number": 83
      }
    ],
    "Makefile": [
      {
        "type": "Basic Auth Credentials",
        "filename": "Makefile",
        "hashed_secret": "afc848c316af1a89d49826c5ae9d00ed769415f3",
        "is_verified": false,
        "line_number": 50
      }
    ],
    "backend/README.md": [
      {
        "type": "Basic Auth Credentials",
        "filename": "backend/README.md",
        "hashed_secret": "afc848c316af1a89d49826c5ae9d00ed769415f3",
        "is_verified": false,
        "line_number": 54
      }
    ],
    "backend/internal/postgres/client.go": [
      {
        "type": "Basic Auth Credentials",
        "filename": "backend/internal/postgres/client.go",
        "hashed_secret": "347cd9c53ff77d41a7b22aa56c7b4efaf54658e3",
        "is_verified": false,
        "line_number": 154
      }
    ],
    "backend/scripts/apply_pg_deltas.sh": [
      {
        "type": "Basic Auth Credentials",
        "filename": "backend/scripts/apply_pg_deltas.sh",
        "hashed_secret": "9d4e1e23bd5b727046a9e3b4b7db57bd8d6ee684",
        "is_verified": false,
        "line_number": 14
      },
      {
        "type": "Basic Auth Credentials",
        "filename": "backend/scripts/apply_pg_deltas.sh",
        "hashed_secret": "afc848c316af1a89d49826c5ae9d00ed769415f3",
        "is_verified": false,
        "line_number": 21
      }
    ],
    "backend/scripts/collector_postgres_export.md": [
      {
        "type": "Basic Auth Credentials",
        "filename": "backend/scripts/collector_postgres_export.md",
        "hashed_secret": "981eb7e146cab5b17b4c7f5f12af441d36d0cc36",
        "is_verified": false,
        "line_number": 96
      }
    ],
    "backend/scripts/generate_mock_scale.sql": [
      {
        "type": "Basic Auth Credentials",
        "filename": "backend/scripts/generate_mock_scale.sql",
        "hashed_secret": "afc848c316af1a89d49826c5ae9d00ed769415f3",
        "is_verified": false,
        "line_number": 4
      }
    ],
    "backend/scripts/postgres/dev_seed.sql": [
      {
        "type": "Hex High Entropy String",
        "filename": "backend/scripts/postgres/dev_seed.sql",
        "hashed_secret": "67a74306b06d0c01624fe0d0249a570f4d093747",
        "is_verified": false,
        "line_number": 31
      },
      {
        "type": "Hex High Entropy String",
        "filename": "backend/scripts/postgres/dev_seed.sql",
        "hashed_secret": "75f3be87351a63f1c2f677632838f9e2be066891",
        "is_verified": false,
        "line_number": 50
      }
    ],
    "deploy/cloudrun/bronze-incremental/deploy.sh": [
      {
        "type": "Secret Keyword",
        "filename": "deploy/cloudrun/bronze-incremental/deploy.sh",
        "hashed_secret": "a5f42b4ab4f8b61af588271678bd8941a7f07526",
        "is_verified": false,
        "line_number": 64
      }
    ],
    "deploy/iac/terraform/gateway-domain/environments/dev/README.md": [
      {
        "type": "Base64 High Entropy String",
        "filename": "deploy/iac/terraform/gateway-domain/environments/dev/README.md",
        "hashed_secret": "0b383eeaea1c76e7883cc0748cf2446a841415de",
        "is_verified": false,
        "line_number": 54
      },
      {
        "type": "Base64 High Entropy String",
        "filename": "deploy/iac/terraform/gateway-domain/environments/dev/README.md",
        "hashed_secret": "b4045aefdc51e2f68e9e9301dba0e6e8a6f34380",
        "is_verified": false,
        "line_number": 57
      },
      {
        "type": "Base64 High Entropy String",
        "filename": "deploy/iac/terraform/gateway-domain/environments/dev/README.md",
        "hashed_secret": "f4ded60a931a4409fbdaef87c30e3bfeb3e523da",
        "is_verified": false,
        "line_number": 60
      },
      {
        "type": "Base64 High Entropy String",
        "filename": "deploy/iac/terraform/gateway-domain/environments/dev/README.md",
        "hashed_secret": "cc2948468bf86520efaa8973ac3213e65004c112",
        "is_verified": false,
        "line_number": 63
      }
    ],
    "deploy/iac/terraform/gateway-domain/environments/dev/terraform.tfvars.example": [
      {
        "type": "Secret Keyword",
        "filename": "deploy/iac/terraform/gateway-domain/environments/dev/terraform.tfvars.example",
        "hashed_secret": "072f1d84318b6b673084231351259a10b885636a",
        "is_verified": false,
        "line_number": 3
      }
    ],
    "deploy/k8s/base/secret.example.yaml": [
      {
        "type": "Secret Keyword",
        "filename": "deploy/k8s/base/secret.example.yaml",
        "hashed_secret": "83d4fb2d16223d627fc4d8f9588b968a6952f013",
        "is_verified": false,
        "line_number": 26
      }
    ],
    "deploy/k8s/jobs/biglake-bronze-asset-events-backfill-once.yaml": [
      {
        "type": "Secret Keyword",
        "filename": "deploy/k8s/jobs/biglake-bronze-asset-events-backfill-once.yaml",
        "hashed_secret": "2cfca21270deaf784d520e28cb126eff5c988e12",
        "is_verified": false,
        "line_number": 99
      }
    ],
    "deploy/k8s/lakehouse-gcs/trino.yaml": [
      {
        "type": "Secret Keyword",
        "filename": "deploy/k8s/lakehouse-gcs/trino.yaml",
        "hashed_secret": "c2dbefe0c8f5b7fc20676f58e1f5f03532eb2bd7",
        "is_verified": false,
        "line_number": 80
      }
    ],
    "deploy/local/docker-compose.yml": [
      {
        "type": "Secret Keyword",
        "filename": "deploy/local/docker-compose.yml",
        "hashed_secret": "afc848c316af1a89d49826c5ae9d00ed769415f3",
        "is_verified": false,
        "line_number": 28
      },
      {
        "type": "Secret Keyword",
        "filename": "deploy/local/docker-compose.yml",
        "hashed_secret": "5baa61e4c9b93f3f0682250b6cf8331b7ee68fd8",
        "is_verified": false,
        "line_number": 140
      },
      {
        "type": "Secret Keyword",
        "filename": "deploy/local/docker-compose.yml",
        "hashed_secret": "d033e22ae348aeb5660fc2140aec35850c4da997",
        "is_verified": false,
        "line_number": 445
      }
    ],
    "deploy/local/iceberg/notebooks/build_lakehouse_mvp.py": [
      {
        "type": "Secret Keyword",
        "filename": "deploy/local/iceberg/notebooks/build_lakehouse_mvp.py",
        "hashed_secret": "afc848c316af1a89d49826c5ae9d00ed769415f3",
        "is_verified": false,
        "line_number": 12
      }
    ],
    "deploy/local/iceberg/notebooks/postgres_to_iceberg.py": [
      {
        "type": "Secret Keyword",
        "filename": "deploy/local/iceberg/notebooks/postgres_to_iceberg.py",
        "hashed_secret": "afc848c316af1a89d49826c5ae9d00ed769415f3",
        "is_verified": false,
        "line_number": 7
      }
    ],
    "services/mcap-preview/internal/remux/h264_fmp4_test.go": [
      {
        "type": "Hex High Entropy String",
        "filename": "services/mcap-preview/internal/remux/h264_fmp4_test.go",
        "hashed_secret": "189ba67ec2a7b5ade1ea092705245c34570d2643",
        "is_verified": false,
        "line_number": 16
      },
      {
        "type": "Hex High Entropy String",
        "filename": "services/mcap-preview/internal/remux/h264_fmp4_test.go",
        "hashed_secret": "c2a24ff66bb8ea5b7f70e3d67f6f93b25119731d",
        "is_verified": false,
        "line_number": 19
      }
    ],
    "services/mcap-preview/internal/server/segment_test.go": [
      {
        "type": "Hex High Entropy String",
        "filename": "services/mcap-preview/internal/server/segment_test.go",
        "hashed_secret": "189ba67ec2a7b5ade1ea092705245c34570d2643",
        "is_verified": false,
        "line_number": 21
      },
      {
        "type": "Hex High Entropy String",
        "filename": "services/mcap-preview/internal/server/segment_test.go",
        "hashed_secret": "c2a24ff66bb8ea5b7f70e3d67f6f93b25119731d",
        "is_verified": false,
        "line_number": 24
      }
    ]
  },
  "generated_at": "2026-05-18T10:11:59Z"
}
